// Jest Snapshot v1, https://goo.gl/fbAQLP

exports[`matches snapshot 1`] = `
<DocumentFragment>
  <div
    class="Card"
  >
    <h4
      class="Card-title"
    >
      Tst Caption
    </h4>
    <img
      alt="Tst Caption"
      class="Card-image"
      src="www.google.com"
    />
    <small
      class="Card-small"
    >
      Image 5 of 10.
    </small>
  </div>
</DocumentFragment>
`;

exports[`matches snapshot 2`] = `
<DocumentFragment>
  <div
    class="Card"
  >
    <h4
      class="Card-title"
    >
      Tst Caption
    </h4>
    <img
      alt="Tst Caption"
      class="Card-image"
      src="www.google.com"
    />
    <small
      class="Card-small"
    >
      Image 5 of 10.
    </small>
  </div>
</DocumentFragment>
`;
